ï¿½ï¿½ï¿½ï¿½ESP-ROM:esp32s3-20210327
Build:Mar 27 2021
rst:0x1 (POWERON),boot:0x8 (SPI_FAST_FLASH_BOOT)
SPIWP:0xee
mode:DIO, clock div:1
load:0x3fce2810,len:0x1564
load:0x403c8700,len:0x4
load:0x403c8704,len:0xd24
load:0x403cb700,len:0x2ed4
entry 0x403c8928
[0;32mI (27) boot: ESP-IDF v5.4.2 2nd stage bootloader[0m
[0;32mI (27) boot: compile time Jul 19 2025 20:11:58[0m
[0;32mI (27) boot: Multicore bootloader[0m
[0;32mI (27) boot: chip revision: v0.2[0m
[0;32mI (30) boot: efuse block revision: v1.3[0m
[0;32mI (33) boot.esp32s3: Boot SPI Speed : 80MHz[0m
[0;32mI (37) boot.esp32s3: SPI Mode       : DIO[0m
[0;32mI (41) boot.esp32s3: SPI Flash Size : 2MB[0m
[0;32mI (45) boot: Enabling RNG early entropy source...[0m
[0;32mI (49) boot: Partition Table:[0m
[0;32mI (52) boot: ## Label            Usage          Type ST Offset   Length[0m
[0;32mI (58) boot:  0 nvs              WiFi data        01 02 00009000 00006000[0m
[0;32mI (65) boot:  1 phy_init         RF data          01 01 0000f000 00001000[0m
[0;32mI (71) boot:  2 factory          factory app      00 00 00010000 00100000[0m
[0;32mI (78) boot: End of partition table[0m
[0;32mI (81) esp_image: segment 0: paddr=00010020 vaddr=3c020020 size=0bae8h ( 47848) map[0m
[0;32mI (97) esp_image: segment 1: paddr=0001bb10 vaddr=3fc93600 size=02a38h ( 10808) load[0m
[0;32mI (99) esp_image: segment 2: paddr=0001e550 vaddr=40374000 size=01ac8h (  6856) load[0m
[0;32mI (105) esp_image: segment 3: paddr=00020020 vaddr=42000020 size=1d6e8h (120552) map[0m
[0;32mI (132) esp_image: segment 4: paddr=0003d710 vaddr=40375ac8 size=0da7ch ( 55932) load[0m
[0;32mI (144) esp_image: segment 5: paddr=0004b194 vaddr=600fe000 size=0001ch (    28) load[0m
[0;32mI (151) boot: Loaded app from partition at offset 0x10000[0m
[0;32mI (151) boot: Disabling RNG early entropy source...[0m
[0;32mI (162) cpu_start: Multicore app[0m
[0;32mI (171) cpu_start: Pro cpu start user code[0m
[0;32mI (171) cpu_start: cpu freq: 160000000 Hz[0m
[0;32mI (171) app_init: Application information:[0m
[0;32mI (171) app_init: Project name:     nmea_parser[0m
[0;32mI (176) app_init: App version:      v5.4.2[0m
[0;32mI (179) app_init: Compile time:     Jul 19 2025 20:11:48[0m
[0;32mI (184) app_init: ELF file SHA256:  e96b924a7...[0m
[0;32mI (189) app_init: ESP-IDF:          v5.4.2[0m
[0;32mI (193) efuse_init: Min chip rev:     v0.0[0m
[0;32mI (196) efuse_init: Max chip rev:     v0.99 [0m
[0;32mI (200) efuse_init: Chip rev:         v0.2[0m
[0;32mI (204) heap_init: Initializing. RAM available for dynamic allocation:[0m
[0;32mI (211) heap_init: At 3FC96908 len 00052E08 (331 KiB): RAM[0m
[0;32mI (216) heap_init: At 3FCE9710 len 00005724 (21 KiB): RAM[0m
[0;32mI (221) heap_init: At 3FCF0000 len 00008000 (32 KiB): DRAM[0m
[0;32mI (226) heap_init: At 600FE01C len 00001FCC (7 KiB): RTCRAM[0m
[0;32mI (232) spi_flash: detected chip: generic[0m
[0;32mI (235) spi_flash: flash io: dio[0m
[0;33mW (238) spi_flash: Detected size(8192k) larger than the size in the binary image header(2048k). Using the size in the binary image header.[0m
[0;32mI (250) sleep_gpio: Configure to isolate all GPIO pins in sleep state[0m
[0;32mI (257) sleep_gpio: Enable automatic switching of GPIO sleep configuration[0m
[0;32mI (264) main_task: Started on CPU0[0m
[0;32mI (284) main_task: Calling app_main()[0m
[0;32mI (284) uart: queue free spaces: 16[0m
[0;32mI (284) nmea_parser: NMEA Parser init OK[0m
[0;33mW (344) gps_demo: Unknown statement:Iu11ï¿½4521.51289,N,07538.04306,W,002700.00,A,A*73[0m

[0;32mI (1354) gps_demo: 2025/7/20 8:27:1 => [0m
						latitude longitude = 
45.35856, -75.63406Â°E
						altitude   = 59.70m
						speed      = 1.231111m/s
[0;32mI (2354) gps_demo: 2025/7/20 8:27:2 => [0m
						latitude longitude = 
45.35857, -75.63406Â°E
						altitude   = 59.80m
						speed      = 1.293889m/s
[0;32mI (3344) gps_demo: 2025/7/20 8:27:3 => [0m
						latitude longitude = 
45.35858, -75.63407Â°E
						altitude   = 59.90m
						speed      = 1.191111m/s
[0;32mI (4344) gps_demo: 2025/7/20 8:27:4 => [0m
						latitude longitude = 
45.35859, -75.63407Â°E
						altitude   = 59.60m
						speed      = 0.635833m/s
[0;32mI (5344) gps_demo: 2025/7/20 8:27:5 => [0m
						latitude longitude = 
45.35859, -75.63407Â°E
						altitude   = 59.80m
						speed      = 0.824444m/s
[0;32mI (6344) gps_demo: 2025/7/20 8:27:6 => [0m
						latitude longitude = 
45.35858, -75.63406Â°E
						altitude   = 59.60m
						speed      = 1.047222m/s
[0;32mI (7364) gps_demo: 2025/7/20 8:27:7 => [0m
						latitude longitude = 
45.35856, -75.63406Â°E
						altitude   = 59.40m
						speed      = 1.268889m/s
[0;32mI (8344) gps_demo: 2025/7/20 8:27:8 => [0m
						latitude longitude = 
45.35855, -75.63405Â°E
						altitude   = 59.30m
						speed      = 1.053611m/s
[0;32mI (9354) gps_demo: 2025/7/20 8:27:9 => [0m
						latitude longitude = 
45.35855, -75.63404Â°E
						altitude   = 59.30m
						speed      = 0.206667m/s
[0;32mI (10284) main_task: Returned from app_main()[0m
